================================================================================
Testing 2025 Module Integration
================================================================================

1. Testing imports...
INFO: ============================================================
INFO: SPT Analysis Application Started
INFO: ============================================================
.\venv\Scripts\python.exe : 2025-10-06 21:57:25.491 WARNING streamlit.runtime.scriptrunner_utils.script_run_context: Thread 'MainThread': missing ScriptRunContext! This 
warning can be ignored when running in bare mode.
At line:1 char:32
+ ... NG='utf-8'; .\venv\Scripts\python.exe test_2025_integration.py 2>&1 | ...
+                 ~~~~~~~~~~~~~~~~~~~~~~~~~~~~~~~~~~~~~~~~~~~~~~~~~~~~~~~
    + CategoryInfo          : NotSpecified: (2025-10-06 21:5...g in bare mode.:String) [], RemoteException
    + FullyQualifiedErrorId : NativeCommandError
 
2025-10-06 21:57:25.491 WARNING streamlit.runtime.state.session_state_proxy: Session state does not function when running a script without `streamlit run`
2025-10-06 21:57:25.491 WARNING streamlit.runtime.scriptrunner_utils.script_run_context: Thread 'MainThread': missing ScriptRunContext! This warning can be ignored when 
running in bare mode.
2025-10-06 21:57:25.491 WARNING streamlit.runtime.scriptrunner_utils.script_run_context: Thread 'MainThread': missing ScriptRunContext! This warning can be ignored when 
running in bare mode.
2025-10-06 21:57:25.491 WARNING streamlit.runtime.scriptrunner_utils.script_run_context: Thread 'MainThread': missing ScriptRunContext! This warning can be ignored when 
running in bare mode.
2025-10-06 21:57:25.491 WARNING streamlit.runtime.scriptrunner_utils.script_run_context: Thread 'MainThread': missing ScriptRunContext! This warning can be ignored when 
running in bare mode.
2025-10-06 21:57:25.491 WARNING streamlit.runtime.scriptrunner_utils.script_run_context: Thread 'MainThread': missing ScriptRunContext! This warning can be ignored when 
running in bare mode.
2025-10-06 21:57:25.491 WARNING streamlit.runtime.scriptrunner_utils.script_run_context: Thread 'MainThread': missing ScriptRunContext! This warning can be ignored when 
running in bare mode.
2025-10-06 21:57:25.491 WARNING streamlit.runtime.scriptrunner_utils.script_run_context: Thread 'MainThread': missing ScriptRunContext! This warning can be ignored when 
running in bare mode.
2025-10-06 21:57:25.491 WARNING streamlit.runtime.scriptrunner_utils.script_run_context: Thread 'MainThread': missing ScriptRunContext! This warning can be ignored when 
running in bare mode.
[OK] EnhancedSPTReportGenerator imported successfully

2. Checking if 2025 analyses are registered...
INFO: BoundedResultsCache initialized: max_items=50, max_memory=500.0MB
Γ£à biased_inference: CVE/MLE Diffusion Estimation
   Category: 2025 Methods, Priority: 2
Γ£à acquisition_advisor: Acquisition Parameter Advisor
   Category: 2025 Methods, Priority: 1
Γ¥î equilibrium_validity NOT FOUND in available_analyses
Γ£à ddm_analysis: DDM Tracking-Free Rheology
   Category: 2025 Methods, Priority: 4
Γ£à ihmm_blur: iHMM State Segmentation
   Category: 2025 Methods, Priority: 3
Γ£à microsecond_sampling: Irregular/Microsecond Sampling
   Category: 2025 Methods, Priority: 3

3. Checking module availability flags...
Γ£à BiasedInference: True
Γ£à AcquisitionAdvisor: True
Γ£à EquilibriumValidator: True
Γ£à DDMAnalyzer: True
Γ£à iHMMBlur: True
Γ£à MicrosecondSampling: True

4. Generating synthetic test data...
Γ£à Generated 500 points in 10 tracks

5. Testing analysis function existence...
Γ£à biased_inference: analysis function exists
Γ£à biased_inference: visualization function exists
Γ£à acquisition_advisor: analysis function exists
Γ£à acquisition_advisor: visualization function exists
Γ£à ddm_analysis: analysis function exists
Γ£à ddm_analysis: visualization function exists
Γ£à ihmm_blur: analysis function exists
Γ£à ihmm_blur: visualization function exists
Γ£à microsecond_sampling: analysis function exists
Γ£à microsecond_sampling: visualization function exists

6. Quick functional tests...

Testing biased_inference...
Γ£à biased_inference succeeded
   D_corrected: 0.3695 ┬╡m┬▓/s

Testing acquisition_advisor...
INFO: Calculated MSD for 10 tracks
Γ£à acquisition_advisor succeeded
   D_estimated: 1.0000 ┬╡m┬▓/s

Testing equilibrium_validity...
Γ£à equilibrium_validity succeeded
   Overall validity: True

Testing microsecond_sampling...
Γ£à microsecond_sampling succeeded
   Is irregular: False

ΓÜá∩╕Å Skipping ddm_analysis (requires image stack)
ΓÜá∩╕Å Skipping ihmm_blur (may require special initialization)

================================================================================
Test Summary:
================================================================================
Γ£à All integration tests completed
Γ£à 2025 modules are properly registered
Γ£à Analysis and visualization functions exist
Γä╣∩╕Å  Run the Streamlit app to test the full UI integration
================================================================================
